20:23:18 **** Incremental Build of configuration Debug for project start ****
make -j32 all 
arm-none-eabi-gcc "../Core/Src/main.c" -mcpu=cortex-m3 -std=gnu11 -g3 -DDEBUG -DUSE_HAL_DRIVER -DSTM32F103xB -c -I../Core/Inc -I../Drivers/STM32F1xx_HAL_Driver/Inc/Legacy -I../Drivers/STM32F1xx_HAL_Driver/Inc -I../Drivers/CMSIS/Device/ST/STM32F1xx/Include -I../Drivers/CMSIS/Include -O0 -ffunction-sections -fdata-sections -Wall -fstack-usage -fcyclomatic-complexity -MMD -MP -MF"Core/Src/main.d" -MT"Core/Src/main.o" --specs=nano.specs -mfloat-abi=soft -mthumb -o "Core/Src/main.o"
arm-none-eabi-gcc -o "start.elf" @"objects.list"   -mcpu=cortex-m3 -T"C:\Users\forest\STM32CubeIDE\workspace_1.19.0\start\STM32F103C8TX_FLASH.ld" --specs=nosys.specs -Wl,-Map="start.map" -Wl,--gc-sections -static --specs=nano.specs -mfloat-abi=soft -mthumb -Wl,--start-group -lc -lm -Wl,--end-group
Finished building target: start.elf
 
arm-none-eabi-size  start.elf 
arm-none-eabi-objdump -h -S start.elf  > "start.list"
arm-none-eabi-objcopy  -O ihex start.elf  "start.hex"
   text	   data	    bss	    dec	    hex	filename
   9896	     12	   1796	  11704	   2db8	start.elf
Finished building: default.size.stdout
 
Finished building: start.list
 
Finished building: start.hex
 
